
 Start  Stop   Length Name               Class

 00000H 02E9AH 02E9BH _TEXT              CODE
 02E9CH 02E9CH 00000H _DATA              DATA


Detailed map of segments

 0000:0000 28AE C=CODE   S=_TEXT          G=(none)  M=MSX_ASM\RTL_RTL.ASM ACBP=48
 0000:28AE 05EB C=CODE   S=_TEXT          G=(none)  M=MSX_ASM\FILEIO.ASM ACBP=48
 0000:2E9A 0001 C=CODE   S=_TEXT          G=(none)  M=MSX_ASM\RTL_END.ASM ACBP=48
 02E9:000C 0000 C=DATA   S=_DATA          G=DGROUP  M=MSX_ASM\RTL_RTL.ASM ACBP=48
 02E9:000C 0000 C=DATA   S=_DATA          G=DGROUP  M=MSX_ASM\FILEIO.ASM ACBP=48
 02E9:000C 0000 C=DATA   S=_DATA          G=DGROUP  M=MSX_ASM\RTL_END.ASM ACBP=48

  Address         Publics by Name

 0000:0CE6 idle  A2L
 0000:0177 idle  AUXINPTR
 0000:0174 idle  AUXOUTPTR
 0000:018C idle  BUFLEN
 0000:0190 idle  CBREAK
 0000:2DB0       CLOSEFILE
 0000:016F idle  CON1OUTPTR
 0000:016B idle  CONINPTR
 0000:016E idle  CONOUTPTR
 0000:0168 idle  CONSTPTR
 0000:2C46       CREATEFILE
 0000:2DD0       DELETEFILE
 0000:28EF       DOS2PRESENT
 0000:2887 idle  DOSERRORHANDLEROFF
 0000:2884 idle  DOSERRORHANDLERON
 0000:286F idle  ERROREXIT
 0000:2B9F       ERRORNUMBER
 0000:018D idle  ERRORPTR
 0000:2BA5 idle  FATALERROR
 0000:2CF2 idle  FILEPOS
 0000:2CC9       FILESEEK
 0000:2D1E       FILESIZE
 0000:2E42 idle  GETCURRENTDIRECTORY
 0000:2B05       GETERROR
 0000:2703 idle  GETERROR_LIB
 0000:0581 idle  GIOSOK
 0000:0582 idle  GIOSVER
 0000:0192 idle  HEAPPTR
 0000:28F5       INITFILEIO
 0000:0128 idle  L005C
 0000:0129 idle  L005D
 0000:0131 idle  L0065
 0000:0132 idle  L0066
 0000:0138 idle  L006C
 0000:0080 idle  L0080
 0000:0180 idle  L00B8
 0000:0182 idle  L00BA
 0000:0186 idle  L00BE
 0000:0188 idle  L00C0
 0000:019C idle  L00CE
 0000:01AB idle  L00E0
 0000:01C6 idle  L00F4
 0000:0100 idle  L0100
 0000:0101 idle  L0101
 0000:0218 idle  L0168
 0000:0219 idle  L0169
 0000:025E idle  L01AE
 0000:0264 idle  L01B4
 0000:026C idle  L01BC
 0000:0280 idle  L01D0
 0000:0291 idle  L01E1
 0000:0298 idle  L01E8
 0000:02AA idle  L01FA
 0000:02B0 idle  L0200
 0000:02D0 idle  L021D
 0000:02F1 idle  L023E
 0000:030C idle  L0259
 0000:0315 idle  L0262
 0000:031E idle  L026B
 0000:0337 idle  L0284
 0000:034C idle  L0299
 0000:0355 idle  L02A2
 0000:03BD idle  L030A
 0000:03C3 idle  L0310
 0000:0420 idle  L0364
 0000:05B4 idle  L03C9
 0000:05CC idle  L03E1
 0000:05D9 idle  L03EE
 0000:05F1 idle  L0406
 0000:0691 idle  L04A6
 0000:069A idle  L04AF
 0000:069F idle  L04B4
 0000:06BE idle  L04D2
 0000:06C3 idle  L04D4
 0000:06F4 idle  L0508
 0000:070E idle  L0522
 0000:0717 idle  L052C
 0000:0725 idle  L053A
 0000:0738 idle  L054D
 0000:0748 idle  L055D
 0000:076C idle  L0581
 0000:077C idle  L0591
 0000:0786 idle  L059B
 0000:07BC idle  L05D1
 0000:07CD idle  L05E2
 0000:07EC idle  L0601
 0000:07FD idle  L0612
 0000:080E idle  L0623
 0000:0823 idle  L0638
 0000:0837 idle  L064C
 0000:0841 idle  L0656
 0000:0851 idle  L0666
 0000:0861 idle  L0676
 0000:086A idle  L067F
 0000:0889 idle  L0688
 0000:088F idle  L068D
 0000:0895 idle  L0692
 0000:08A3 idle  L069B
 0000:08A8 idle  L06A0
 0000:08AD idle  L06A5
 0000:08BB idle  L06AE
 0000:08C0 idle  L06B3
 0000:08C5 idle  L06B8
 0000:08D4 idle  L06C2
 0000:08D9 idle  L06C7
 0000:08DE idle  L06CC
 0000:08ED idle  L06D6
 0000:08F2 idle  L06DB
 0000:08F7 idle  L06E0
 0000:0905 idle  L06E9
 0000:090A idle  L06EE
 0000:090F idle  L06F3
 0000:0911 idle  L06F5
 0000:092B idle  L070F
 0000:0999 idle  L073B
 0000:09A3 idle  L0745
 0000:09B0 idle  L074E
 0000:09B8 idle  L0756
 0000:09E2 idle  L0780
 0000:09E5 idle  L0783
 0000:09ED idle  L078B
 0000:0C8A idle  L07F7
 0000:0D66 idle  L083D
 0000:0D94 idle  L086B
 0000:0DCC idle  L08A3
 0000:0DDB idle  L08B2
 0000:0E1C idle  L08F3
 0000:0E49 idle  L0920
 0000:0EBF idle  L0996
 0000:0ECB idle  L09A2
 0000:0F12 idle  L09E9
 0000:0F1B idle  L09F2
 0000:0F20 idle  L09F7
 0000:0F23 idle  L09FA
 0000:0F28 idle  L09FF
 0000:1171 idle  L0BFD
 0000:11A8 idle  L0C34
 0000:11BA idle  L0C46
 0000:11F3 idle  L0C7F
 0000:11FB idle  L0C87
 0000:129F idle  L0D2B
 0000:132A idle  L0DB6
 0000:13BA idle  L0E46
 0000:1528 idle  L0FB4
 0000:1544 idle  L0FD0
 0000:1552 idle  L0FDE
 0000:1581 idle  L1008
 0000:1770 idle  L11A3
 0000:18AA idle  L12DD
 0000:18AE idle  L12E1
 0000:18C9 idle  L12FC
 0000:18CD idle  L1300
 0000:18E5 idle  L1318
 0000:18F3 idle  L1326
 0000:1900 idle  L1333
 0000:191C idle  L134F
 0000:193C idle  L136F
 0000:193D idle  L1370
 0000:19D6 idle  L13FE
 0000:19D7 idle  L13FF
 0000:1A45 idle  L1469
 0000:1A77 idle  L149B
 0000:1A85 idle  L14A9
 0000:1A96 idle  L14BA
 0000:1AA7 idle  L14CB
 0000:1AAB idle  L14CC
 0000:1ACF idle  L14E8
 0000:1C67 idle  L1644
 0000:1C70 idle  L164D
 0000:1C74 idle  L164E
 0000:1C98 idle  L1671
 0000:1CBE idle  L1672
 0000:1CDA idle  L168E
 0000:1CF7 idle  L16AB
 0000:1D83 idle  L1722
 0000:1D87 idle  L1726
 0000:1DDA idle  L1779
 0000:1E18 idle  L178B
 0000:1E37 idle  L17AA
 0000:1E47 idle  L17BA
 0000:1E5A idle  L17CD
 0000:1E64 idle  L17D7
 0000:1E69 idle  L17DC
 0000:1E6E idle  L17E1
 0000:1E73 idle  L17E6
 0000:1E9D idle  L1810
 0000:1EA2 idle  L1811
 0000:1F40 idle  L187A
 0000:1F4A idle  L18A4
 0000:1F5E idle  L18B6
 0000:1F80 idle  L18DC
 0000:1F8E idle  L19A5
 0000:1FBA idle  L19D5
 0000:2014 idle  L1A49
 0000:2028 idle  L1A55
 0000:203F idle  L1A5D
 0000:2052 idle  L1A6F
 0000:2057 idle  L1A70
 0000:20B8 idle  L1AB0
 0000:20C2 idle  L1ABA
 0000:20C6 idle  L1ABE
 0000:2192 idle  L1AED
 0000:2196 idle  L1AF1
 0000:21C4 idle  L1B6F
 0000:2213 idle  L1B93
 0000:224F idle  L1BA5
 0000:227A idle  L1BEA
 0000:227E idle  L1BEB
 0000:23C6 idle  L1CDB
 0000:23D0 idle  L1CE5
 0000:2465 idle  L1D7A
 0000:2528 idle  L1E3D
 0000:252F idle  L1E44
 0000:258E idle  L1EA3
 0000:2596 idle  L1EAB
 0000:25A8 idle  L1EBC
 0000:25AC idle  L1EBD
 0000:25B0 idle  L1EBE
 0000:25EC idle  L1EF2
 0000:25F0 idle  L1EF3
 0000:25F4 idle  L1EF4
 0000:2650 idle  L1F48
 0000:2656 idle  L1F4E
 0000:266C idle  L1F64
 0000:2685 idle  L1F7D
 0000:26A3 idle  L1F9B
 0000:26E3 idle  L1FDB
 0000:26EC idle  L1FE4
 0000:26F2 idle  L1FEA
 0000:26F9 idle  L1FF1
 0000:272A idle  L201B
 0000:27FD idle  L20D4
 0000:2E9B       L20E2
 0000:2339 idle  LOADRUNOVERLAY
 0000:232C idle  LOADRUNOVERLAYREC
 0000:0184 idle  LST
 0000:0171 idle  LSTOUTPTR
 0000:0A61 idle  L_ABS
 0000:0A74 idle  L_ADD
 0000:0A1E idle  L_AND
 0000:0B16 idle  L_DIV
 0000:0883 idle  L_EQ
 0000:0851 idle  L_FOR_DOWNTO
 0000:0851 idle  L_FOR_TO
 0000:08E8 idle  L_GT
 0000:08B6 idle  L_GTE
 0000:0900 idle  L_LS
 0000:08CF idle  L_LSE
 0000:0B2C idle  L_MOD
 0000:0A9A idle  L_MUL
 0000:0A64 idle  L_NEG
 0000:089E idle  L_NEQ
 0000:0A54 idle  L_NOT
 0000:0A30 idle  L_OR
 0000:0873 idle  L_PRED
 0000:15A0 idle  L_R
 0000:0BD5 idle  L_SHL
 0000:0BF1 idle  L_SHR
 0000:0A94 idle  L_SQR
 0000:0A7F idle  L_SUB
 0000:087C idle  L_SUCC
 0000:0A42 idle  L_XOR
 0000:057E idle  MEMMAN
 0000:057F idle  MEMMNVER
 0000:2C5C       OPENFILE
 0000:018A idle  OUTPUT
 0000:238E idle  OVERLAYLOADPTR
 0000:2301 idle  OVERLAYREC1
 0000:2933       PARSENAME
 0000:1DEC idle  PRT_LONG
 0000:2D5E       READFILE
 0000:0194 idle  RECURPTR
 0000:2E05       RENAMEFILE
 0000:2225 idle  RENAMEFILE_LIB
 0000:2B55       RESERRORHANDLER
 0000:057B idle  RUNGIOS
 0000:15C4 idle  R_L
 0000:2B10       SETERRORHANDLER
 0000:2AC1 idle  SETEXTENSION
 0000:052E idle  TSRPRESENT
 0000:017D idle  USRINPTR
 0000:017A idle  USROUTPTR
 0000:2D8A       WRITEFILE
 0000:0177 idle  _AUXINPTR
 0000:0174 idle  _AUXOUTPTR
 0000:018C idle  _BUFLEN
 0000:0190 idle  _CBREAK
 0000:016B idle  _CONINPTR
 0000:016E idle  _CONOUTPTR
 0000:0168 idle  _CONSTPTR
 0000:2887 idle  _DOSERRORHANDLEROFF
 0000:2884 idle  _DOSERRORHANDLERON
 0000:286F idle  _ERROREXIT
 0000:018D idle  _ERRORPTR
 0000:2703 idle  _GETERROR_LIB
 0000:0581 idle  _GIOSOK
 0000:0582 idle  _GIOSVER
 0000:0192 idle  _HEAPPTR
 0000:0180 idle  _L00B8
 0000:0182 idle  _L00BA
 0000:0186 idle  _L00BE
 0000:0188 idle  _L00C0
 0000:02D0 idle  _L021D
 0000:02F1 idle  _L023E
 0000:030C idle  _L0259
 0000:0315 idle  _L0262
 0000:031E idle  _L026B
 0000:0337 idle  _L0284
 0000:034C idle  _L0299
 0000:03BD idle  _L030A
 0000:03C3 idle  _L0310
 0000:0420 idle  _L0364
 0000:06C3 idle  _L04D4
 0000:06F4 idle  _L0508
 0000:070E idle  _L0522
 0000:0717 idle  _L052C
 0000:0725 idle  _L053A
 0000:0738 idle  _L054D
 0000:0748 idle  _L055D
 0000:076C idle  _L0581
 0000:077C idle  _L0591
 0000:0786 idle  _L059B
 0000:07BC idle  _L05D1
 0000:07CD idle  _L05E2
 0000:07EC idle  _L0601
 0000:07FD idle  _L0612
 0000:080E idle  _L0623
 0000:0823 idle  _L0638
 0000:0837 idle  _L064C
 0000:0841 idle  _L0656
 0000:0851 idle  _L0666
 0000:0861 idle  _L0676
 0000:086A idle  _L067F
 0000:0889 idle  _L0688
 0000:088F idle  _L068D
 0000:0895 idle  _L0692
 0000:08A3 idle  _L069B
 0000:08A8 idle  _L06A0
 0000:08AD idle  _L06A5
 0000:08BB idle  _L06AE
 0000:08C0 idle  _L06B3
 0000:08C5 idle  _L06B8
 0000:08D4 idle  _L06C2
 0000:08D9 idle  _L06C7
 0000:08DE idle  _L06CC
 0000:08ED idle  _L06D6
 0000:08F2 idle  _L06DB
 0000:08F7 idle  _L06E0
 0000:0905 idle  _L06E9
 0000:090A idle  _L06EE
 0000:090F idle  _L06F3
 0000:0911 idle  _L06F5
 0000:092B idle  _L070F
 0000:0999 idle  _L073B
 0000:09A3 idle  _L0745
 0000:09B0 idle  _L074E
 0000:09B8 idle  _L0756
 0000:09E2 idle  _L0780
 0000:09E5 idle  _L0783
 0000:09ED idle  _L078B
 0000:0D66 idle  _L083D
 0000:0D94 idle  _L086B
 0000:0DCC idle  _L08A3
 0000:0DDB idle  _L08B2
 0000:0E1C idle  _L08F3
 0000:0E49 idle  _L0920
 0000:0EBF idle  _L0996
 0000:0ECB idle  _L09A2
 0000:0F12 idle  _L09E9
 0000:0F1B idle  _L09F2
 0000:0F20 idle  _L09F7
 0000:0F23 idle  _L09FA
 0000:0F28 idle  _L09FF
 0000:1171 idle  _L0BFD
 0000:11A8 idle  _L0C34
 0000:11BA idle  _L0C46
 0000:11F3 idle  _L0C7F
 0000:11FB idle  _L0C87
 0000:129F idle  _L0D2B
 0000:132A idle  _L0DB6
 0000:13BA idle  _L0E46
 0000:1528 idle  _L0FB4
 0000:1544 idle  _L0FD0
 0000:1552 idle  _L0FDE
 0000:1581 idle  _L1008
 0000:18AA idle  _L12DD
 0000:18AE idle  _L12E1
 0000:18C9 idle  _L12FC
 0000:18CD idle  _L1300
 0000:18E5 idle  _L1318
 0000:18F3 idle  _L1326
 0000:1900 idle  _L1333
 0000:191C idle  _L134F
 0000:193C idle  _L136F
 0000:193D idle  _L1370
 0000:19D6 idle  _L13FE
 0000:19D7 idle  _L13FF
 0000:1A45 idle  _L1469
 0000:1A77 idle  _L149B
 0000:1A85 idle  _L14A9
 0000:1A96 idle  _L14BA
 0000:1AA7 idle  _L14CB
 0000:1AAB idle  _L14CC
 0000:1C67 idle  _L1644
 0000:1C70 idle  _L164D
 0000:1C74 idle  _L164E
 0000:1C98 idle  _L1671
 0000:1CBE idle  _L1672
 0000:1CDA idle  _L168E
 0000:1CF7 idle  _L16AB
 0000:1D83 idle  _L1722
 0000:1D87 idle  _L1726
 0000:1DDA idle  _L1779
 0000:1E18 idle  _L178B
 0000:1E37 idle  _L17AA
 0000:1E47 idle  _L17BA
 0000:1E5A idle  _L17CD
 0000:1E64 idle  _L17D7
 0000:1E69 idle  _L17DC
 0000:1E6E idle  _L17E1
 0000:1E73 idle  _L17E6
 0000:1E9D idle  _L1810
 0000:1EA2 idle  _L1811
 0000:1F40 idle  _L187A
 0000:1F4A idle  _L18A4
 0000:1F5E idle  _L18B6
 0000:1F80 idle  _L18DC
 0000:1F8E idle  _L19A5
 0000:1FBA idle  _L19D5
 0000:2014 idle  _L1A49
 0000:2028 idle  _L1A55
 0000:203F idle  _L1A5D
 0000:2052 idle  _L1A6F
 0000:2057 idle  _L1A70
 0000:20B8 idle  _L1AB0
 0000:20C2 idle  _L1ABA
 0000:20C6 idle  _L1ABE
 0000:2192 idle  _L1AED
 0000:2196 idle  _L1AF1
 0000:21C4 idle  _L1B6F
 0000:2213 idle  _L1B93
 0000:224F idle  _L1BA5
 0000:227A idle  _L1BEA
 0000:227E idle  _L1BEB
 0000:23C6 idle  _L1CDB
 0000:23D0 idle  _L1CE5
 0000:2465 idle  _L1D7A
 0000:2528 idle  _L1E3D
 0000:252F idle  _L1E44
 0000:258E idle  _L1EA3
 0000:2596 idle  _L1EAB
 0000:25A8 idle  _L1EBC
 0000:25AC idle  _L1EBD
 0000:25B0 idle  _L1EBE
 0000:25EC idle  _L1EF2
 0000:25F0 idle  _L1EF3
 0000:25F4 idle  _L1EF4
 0000:2650 idle  _L1F48
 0000:2656 idle  _L1F4E
 0000:266C idle  _L1F64
 0000:2685 idle  _L1F7D
 0000:26A3 idle  _L1F9B
 0000:26E3 idle  _L1FDB
 0000:26EC idle  _L1FE4
 0000:26F2 idle  _L1FEA
 0000:26F9 idle  _L1FF1
 0000:272A idle  _L201B
 0000:27FD idle  _L20D4
 0000:2E9B idle  _L20E2
 0000:2339 idle  _LOADRUNOVERLAY
 0000:232C idle  _LOADRUNOVERLAYREC
 0000:0184 idle  _LST
 0000:0171 idle  _LSTOUTPTR
 0000:0A61 idle  _L_ABS
 0000:0A74 idle  _L_ADD
 0000:0A1E idle  _L_AND
 0000:0B16 idle  _L_DIV
 0000:0883 idle  _L_EQ
 0000:0851 idle  _L_FOR_DOWNTO
 0000:0851 idle  _L_FOR_TO
 0000:08E8 idle  _L_GT
 0000:08B6 idle  _L_GTE
 0000:0900 idle  _L_LS
 0000:08CF idle  _L_LSE
 0000:0B2C idle  _L_MOD
 0000:0A9A idle  _L_MUL
 0000:0A64 idle  _L_NEG
 0000:089E idle  _L_NEQ
 0000:0A54 idle  _L_NOT
 0000:0A30 idle  _L_OR
 0000:0873 idle  _L_PRED
 0000:15A0 idle  _L_R
 0000:0BD5 idle  _L_SHL
 0000:0BF1 idle  _L_SHR
 0000:0A94 idle  _L_SQR
 0000:0A7F idle  _L_SUB
 0000:087C idle  _L_SUCC
 0000:0A42 idle  _L_XOR
 0000:057E idle  _MEMMAN
 0000:057F idle  _MEMMNVER
 0000:018A idle  _OUTPUT
 0000:238E idle  _OVERLAYLOADPTR
 0000:2301 idle  _OVERLAYREC1
 0000:1DEC idle  _PRT_LONG
 0000:0194 idle  _RECURPTR
 0000:2225 idle  _RENAMEFILE_LIB
 0000:057B idle  _RUNGIOS
 0000:15C4 idle  _R_L
 0000:052E idle  _TSRPRESENT
 0000:017D idle  _USRINPTR
 0000:017A idle  _USROUTPTR

  Address         Publics by Value

 0000:0080 idle  L0080
 0000:0100 idle  L0100
 0000:0101 idle  L0101
 0000:0128 idle  L005C
 0000:0129 idle  L005D
 0000:0131 idle  L0065
 0000:0132 idle  L0066
 0000:0138 idle  L006C
 0000:0168 idle  _CONSTPTR
 0000:0168 idle  CONSTPTR
 0000:016B idle  _CONINPTR
 0000:016B idle  CONINPTR
 0000:016E idle  CONOUTPTR
 0000:016E idle  _CONOUTPTR
 0000:016F idle  CON1OUTPTR
 0000:0171 idle  LSTOUTPTR
 0000:0171 idle  _LSTOUTPTR
 0000:0174 idle  AUXOUTPTR
 0000:0174 idle  _AUXOUTPTR
 0000:0177 idle  _AUXINPTR
 0000:0177 idle  AUXINPTR
 0000:017A idle  USROUTPTR
 0000:017A idle  _USROUTPTR
 0000:017D idle  USRINPTR
 0000:017D idle  _USRINPTR
 0000:0180 idle  L00B8
 0000:0180 idle  _L00B8
 0000:0182 idle  L00BA
 0000:0182 idle  _L00BA
 0000:0184 idle  _LST
 0000:0184 idle  LST
 0000:0186 idle  L00BE
 0000:0186 idle  _L00BE
 0000:0188 idle  L00C0
 0000:0188 idle  _L00C0
 0000:018A idle  OUTPUT
 0000:018A idle  _OUTPUT
 0000:018C idle  _BUFLEN
 0000:018C idle  BUFLEN
 0000:018D idle  ERRORPTR
 0000:018D idle  _ERRORPTR
 0000:0190 idle  CBREAK
 0000:0190 idle  _CBREAK
 0000:0192 idle  HEAPPTR
 0000:0192 idle  _HEAPPTR
 0000:0194 idle  RECURPTR
 0000:0194 idle  _RECURPTR
 0000:019C idle  L00CE
 0000:01AB idle  L00E0
 0000:01C6 idle  L00F4
 0000:0218 idle  L0168
 0000:0219 idle  L0169
 0000:025E idle  L01AE
 0000:0264 idle  L01B4
 0000:026C idle  L01BC
 0000:0280 idle  L01D0
 0000:0291 idle  L01E1
 0000:0298 idle  L01E8
 0000:02AA idle  L01FA
 0000:02B0 idle  L0200
 0000:02D0 idle  L021D
 0000:02D0 idle  _L021D
 0000:02F1 idle  L023E
 0000:02F1 idle  _L023E
 0000:030C idle  L0259
 0000:030C idle  _L0259
 0000:0315 idle  L0262
 0000:0315 idle  _L0262
 0000:031E idle  L026B
 0000:031E idle  _L026B
 0000:0337 idle  L0284
 0000:0337 idle  _L0284
 0000:034C idle  L0299
 0000:034C idle  _L0299
 0000:0355 idle  L02A2
 0000:03BD idle  L030A
 0000:03BD idle  _L030A
 0000:03C3 idle  L0310
 0000:03C3 idle  _L0310
 0000:0420 idle  L0364
 0000:0420 idle  _L0364
 0000:052E idle  TSRPRESENT
 0000:052E idle  _TSRPRESENT
 0000:057B idle  _RUNGIOS
 0000:057B idle  RUNGIOS
 0000:057E idle  _MEMMAN
 0000:057E idle  MEMMAN
 0000:057F idle  MEMMNVER
 0000:057F idle  _MEMMNVER
 0000:0581 idle  _GIOSOK
 0000:0581 idle  GIOSOK
 0000:0582 idle  _GIOSVER
 0000:0582 idle  GIOSVER
 0000:05B4 idle  L03C9
 0000:05CC idle  L03E1
 0000:05D9 idle  L03EE
 0000:05F1 idle  L0406
 0000:0691 idle  L04A6
 0000:069A idle  L04AF
 0000:069F idle  L04B4
 0000:06BE idle  L04D2
 0000:06C3 idle  _L04D4
 0000:06C3 idle  L04D4
 0000:06F4 idle  _L0508
 0000:06F4 idle  L0508
 0000:070E idle  _L0522
 0000:070E idle  L0522
 0000:0717 idle  _L052C
 0000:0717 idle  L052C
 0000:0725 idle  _L053A
 0000:0725 idle  L053A
 0000:0738 idle  _L054D
 0000:0738 idle  L054D
 0000:0748 idle  _L055D
 0000:0748 idle  L055D
 0000:076C idle  _L0581
 0000:076C idle  L0581
 0000:077C idle  _L0591
 0000:077C idle  L0591
 0000:0786 idle  _L059B
 0000:0786 idle  L059B
 0000:07BC idle  _L05D1
 0000:07BC idle  L05D1
 0000:07CD idle  _L05E2
 0000:07CD idle  L05E2
 0000:07EC idle  _L0601
 0000:07EC idle  L0601
 0000:07FD idle  _L0612
 0000:07FD idle  L0612
 0000:080E idle  _L0623
 0000:080E idle  L0623
 0000:0823 idle  _L0638
 0000:0823 idle  L0638
 0000:0837 idle  _L064C
 0000:0837 idle  L064C
 0000:0841 idle  _L0656
 0000:0841 idle  L0656
 0000:0851 idle  _L_FOR_TO
 0000:0851 idle  _L0666
 0000:0851 idle  _L_FOR_DOWNTO
 0000:0851 idle  L_FOR_DOWNTO
 0000:0851 idle  L0666
 0000:0851 idle  L_FOR_TO
 0000:0861 idle  _L0676
 0000:0861 idle  L0676
 0000:086A idle  _L067F
 0000:086A idle  L067F
 0000:0873 idle  _L_PRED
 0000:0873 idle  L_PRED
 0000:087C idle  _L_SUCC
 0000:087C idle  L_SUCC
 0000:0883 idle  _L_EQ
 0000:0883 idle  L_EQ
 0000:0889 idle  _L0688
 0000:0889 idle  L0688
 0000:088F idle  _L068D
 0000:088F idle  L068D
 0000:0895 idle  _L0692
 0000:0895 idle  L0692
 0000:089E idle  _L_NEQ
 0000:089E idle  L_NEQ
 0000:08A3 idle  _L069B
 0000:08A3 idle  L069B
 0000:08A8 idle  _L06A0
 0000:08A8 idle  L06A0
 0000:08AD idle  _L06A5
 0000:08AD idle  L06A5
 0000:08B6 idle  _L_GTE
 0000:08B6 idle  L_GTE
 0000:08BB idle  _L06AE
 0000:08BB idle  L06AE
 0000:08C0 idle  _L06B3
 0000:08C0 idle  L06B3
 0000:08C5 idle  _L06B8
 0000:08C5 idle  L06B8
 0000:08CF idle  _L_LSE
 0000:08CF idle  L_LSE
 0000:08D4 idle  _L06C2
 0000:08D4 idle  L06C2
 0000:08D9 idle  _L06C7
 0000:08D9 idle  L06C7
 0000:08DE idle  _L06CC
 0000:08DE idle  L06CC
 0000:08E8 idle  _L_GT
 0000:08E8 idle  L_GT
 0000:08ED idle  _L06D6
 0000:08ED idle  L06D6
 0000:08F2 idle  _L06DB
 0000:08F2 idle  L06DB
 0000:08F7 idle  _L06E0
 0000:08F7 idle  L06E0
 0000:0900 idle  _L_LS
 0000:0900 idle  L_LS
 0000:0905 idle  _L06E9
 0000:0905 idle  L06E9
 0000:090A idle  _L06EE
 0000:090A idle  L06EE
 0000:090F idle  _L06F3
 0000:090F idle  L06F3
 0000:0911 idle  _L06F5
 0000:0911 idle  L06F5
 0000:092B idle  _L070F
 0000:092B idle  L070F
 0000:0999 idle  _L073B
 0000:0999 idle  L073B
 0000:09A3 idle  _L0745
 0000:09A3 idle  L0745
 0000:09B0 idle  _L074E
 0000:09B0 idle  L074E
 0000:09B8 idle  _L0756
 0000:09B8 idle  L0756
 0000:09E2 idle  _L0780
 0000:09E2 idle  L0780
 0000:09E5 idle  _L0783
 0000:09E5 idle  L0783
 0000:09ED idle  _L078B
 0000:09ED idle  L078B
 0000:0A1E idle  L_AND
 0000:0A1E idle  _L_AND
 0000:0A30 idle  _L_OR
 0000:0A30 idle  L_OR
 0000:0A42 idle  L_XOR
 0000:0A42 idle  _L_XOR
 0000:0A54 idle  _L_NOT
 0000:0A54 idle  L_NOT
 0000:0A61 idle  L_ABS
 0000:0A61 idle  _L_ABS
 0000:0A64 idle  _L_NEG
 0000:0A64 idle  L_NEG
 0000:0A74 idle  L_ADD
 0000:0A74 idle  _L_ADD
 0000:0A7F idle  L_SUB
 0000:0A7F idle  _L_SUB
 0000:0A94 idle  L_SQR
 0000:0A94 idle  _L_SQR
 0000:0A9A idle  _L_MUL
 0000:0A9A idle  L_MUL
 0000:0B16 idle  _L_DIV
 0000:0B16 idle  L_DIV
 0000:0B2C idle  _L_MOD
 0000:0B2C idle  L_MOD
 0000:0BD5 idle  L_SHL
 0000:0BD5 idle  _L_SHL
 0000:0BF1 idle  L_SHR
 0000:0BF1 idle  _L_SHR
 0000:0C8A idle  L07F7
 0000:0CE6 idle  A2L
 0000:0D66 idle  L083D
 0000:0D66 idle  _L083D
 0000:0D94 idle  L086B
 0000:0D94 idle  _L086B
 0000:0DCC idle  L08A3
 0000:0DCC idle  _L08A3
 0000:0DDB idle  L08B2
 0000:0DDB idle  _L08B2
 0000:0E1C idle  L08F3
 0000:0E1C idle  _L08F3
 0000:0E49 idle  L0920
 0000:0E49 idle  _L0920
 0000:0EBF idle  L0996
 0000:0EBF idle  _L0996
 0000:0ECB idle  L09A2
 0000:0ECB idle  _L09A2
 0000:0F12 idle  L09E9
 0000:0F12 idle  _L09E9
 0000:0F1B idle  L09F2
 0000:0F1B idle  _L09F2
 0000:0F20 idle  L09F7
 0000:0F20 idle  _L09F7
 0000:0F23 idle  L09FA
 0000:0F23 idle  _L09FA
 0000:0F28 idle  L09FF
 0000:0F28 idle  _L09FF
 0000:1171 idle  L0BFD
 0000:1171 idle  _L0BFD
 0000:11A8 idle  L0C34
 0000:11A8 idle  _L0C34
 0000:11BA idle  L0C46
 0000:11BA idle  _L0C46
 0000:11F3 idle  L0C7F
 0000:11F3 idle  _L0C7F
 0000:11FB idle  L0C87
 0000:11FB idle  _L0C87
 0000:129F idle  _L0D2B
 0000:129F idle  L0D2B
 0000:132A idle  _L0DB6
 0000:132A idle  L0DB6
 0000:13BA idle  _L0E46
 0000:13BA idle  L0E46
 0000:1528 idle  _L0FB4
 0000:1528 idle  L0FB4
 0000:1544 idle  _L0FD0
 0000:1544 idle  L0FD0
 0000:1552 idle  _L0FDE
 0000:1552 idle  L0FDE
 0000:1581 idle  L1008
 0000:1581 idle  _L1008
 0000:15A0 idle  _L_R
 0000:15A0 idle  L_R
 0000:15C4 idle  _R_L
 0000:15C4 idle  R_L
 0000:1770 idle  L11A3
 0000:18AA idle  L12DD
 0000:18AA idle  _L12DD
 0000:18AE idle  L12E1
 0000:18AE idle  _L12E1
 0000:18C9 idle  L12FC
 0000:18C9 idle  _L12FC
 0000:18CD idle  L1300
 0000:18CD idle  _L1300
 0000:18E5 idle  L1318
 0000:18E5 idle  _L1318
 0000:18F3 idle  L1326
 0000:18F3 idle  _L1326
 0000:1900 idle  L1333
 0000:1900 idle  _L1333
 0000:191C idle  L134F
 0000:191C idle  _L134F
 0000:193C idle  L136F
 0000:193C idle  _L136F
 0000:193D idle  L1370
 0000:193D idle  _L1370
 0000:19D6 idle  L13FE
 0000:19D6 idle  _L13FE
 0000:19D7 idle  L13FF
 0000:19D7 idle  _L13FF
 0000:1A45 idle  _L1469
 0000:1A45 idle  L1469
 0000:1A77 idle  _L149B
 0000:1A77 idle  L149B
 0000:1A85 idle  _L14A9
 0000:1A85 idle  L14A9
 0000:1A96 idle  _L14BA
 0000:1A96 idle  L14BA
 0000:1AA7 idle  _L14CB
 0000:1AA7 idle  L14CB
 0000:1AAB idle  _L14CC
 0000:1AAB idle  L14CC
 0000:1ACF idle  L14E8
 0000:1C67 idle  _L1644
 0000:1C67 idle  L1644
 0000:1C70 idle  _L164D
 0000:1C70 idle  L164D
 0000:1C74 idle  _L164E
 0000:1C74 idle  L164E
 0000:1C98 idle  _L1671
 0000:1C98 idle  L1671
 0000:1CBE idle  _L1672
 0000:1CBE idle  L1672
 0000:1CDA idle  _L168E
 0000:1CDA idle  L168E
 0000:1CF7 idle  _L16AB
 0000:1CF7 idle  L16AB
 0000:1D83 idle  _L1722
 0000:1D83 idle  L1722
 0000:1D87 idle  _L1726
 0000:1D87 idle  L1726
 0000:1DDA idle  _L1779
 0000:1DDA idle  L1779
 0000:1DEC idle  _PRT_LONG
 0000:1DEC idle  PRT_LONG
 0000:1E18 idle  _L178B
 0000:1E18 idle  L178B
 0000:1E37 idle  _L17AA
 0000:1E37 idle  L17AA
 0000:1E47 idle  _L17BA
 0000:1E47 idle  L17BA
 0000:1E5A idle  _L17CD
 0000:1E5A idle  L17CD
 0000:1E64 idle  _L17D7
 0000:1E64 idle  L17D7
 0000:1E69 idle  _L17DC
 0000:1E69 idle  L17DC
 0000:1E6E idle  _L17E1
 0000:1E6E idle  L17E1
 0000:1E73 idle  _L17E6
 0000:1E73 idle  L17E6
 0000:1E9D idle  L1810
 0000:1E9D idle  _L1810
 0000:1EA2 idle  L1811
 0000:1EA2 idle  _L1811
 0000:1F40 idle  L187A
 0000:1F40 idle  _L187A
 0000:1F4A idle  L18A4
 0000:1F4A idle  _L18A4
 0000:1F5E idle  L18B6
 0000:1F5E idle  _L18B6
 0000:1F80 idle  L18DC
 0000:1F80 idle  _L18DC
 0000:1F8E idle  L19A5
 0000:1F8E idle  _L19A5
 0000:1FBA idle  L19D5
 0000:1FBA idle  _L19D5
 0000:2014 idle  L1A49
 0000:2014 idle  _L1A49
 0000:2028 idle  L1A55
 0000:2028 idle  _L1A55
 0000:203F idle  L1A5D
 0000:203F idle  _L1A5D
 0000:2052 idle  L1A6F
 0000:2052 idle  _L1A6F
 0000:2057 idle  L1A70
 0000:2057 idle  _L1A70
 0000:20B8 idle  L1AB0
 0000:20B8 idle  _L1AB0
 0000:20C2 idle  L1ABA
 0000:20C2 idle  _L1ABA
 0000:20C6 idle  L1ABE
 0000:20C6 idle  _L1ABE
 0000:2192 idle  L1AED
 0000:2192 idle  _L1AED
 0000:2196 idle  L1AF1
 0000:2196 idle  _L1AF1
 0000:21C4 idle  L1B6F
 0000:21C4 idle  _L1B6F
 0000:2213 idle  L1B93
 0000:2213 idle  _L1B93
 0000:2225 idle  _RENAMEFILE_LIB
 0000:2225 idle  RENAMEFILE_LIB
 0000:224F idle  L1BA5
 0000:224F idle  _L1BA5
 0000:227A idle  L1BEA
 0000:227A idle  _L1BEA
 0000:227E idle  L1BEB
 0000:227E idle  _L1BEB
 0000:2301 idle  _OVERLAYREC1
 0000:2301 idle  OVERLAYREC1
 0000:232C idle  _LOADRUNOVERLAYREC
 0000:232C idle  LOADRUNOVERLAYREC
 0000:2339 idle  _LOADRUNOVERLAY
 0000:2339 idle  LOADRUNOVERLAY
 0000:238E idle  _OVERLAYLOADPTR
 0000:238E idle  OVERLAYLOADPTR
 0000:23C6 idle  L1CDB
 0000:23C6 idle  _L1CDB
 0000:23D0 idle  L1CE5
 0000:23D0 idle  _L1CE5
 0000:2465 idle  _L1D7A
 0000:2465 idle  L1D7A
 0000:2528 idle  _L1E3D
 0000:2528 idle  L1E3D
 0000:252F idle  _L1E44
 0000:252F idle  L1E44
 0000:258E idle  _L1EA3
 0000:258E idle  L1EA3
 0000:2596 idle  _L1EAB
 0000:2596 idle  L1EAB
 0000:25A8 idle  _L1EBC
 0000:25A8 idle  L1EBC
 0000:25AC idle  _L1EBD
 0000:25AC idle  L1EBD
 0000:25B0 idle  _L1EBE
 0000:25B0 idle  L1EBE
 0000:25EC idle  _L1EF2
 0000:25EC idle  L1EF2
 0000:25F0 idle  _L1EF3
 0000:25F0 idle  L1EF3
 0000:25F4 idle  _L1EF4
 0000:25F4 idle  L1EF4
 0000:2650 idle  _L1F48
 0000:2650 idle  L1F48
 0000:2656 idle  _L1F4E
 0000:2656 idle  L1F4E
 0000:266C idle  _L1F64
 0000:266C idle  L1F64
 0000:2685 idle  _L1F7D
 0000:2685 idle  L1F7D
 0000:26A3 idle  _L1F9B
 0000:26A3 idle  L1F9B
 0000:26E3 idle  _L1FDB
 0000:26E3 idle  L1FDB
 0000:26EC idle  _L1FE4
 0000:26EC idle  L1FE4
 0000:26F2 idle  _L1FEA
 0000:26F2 idle  L1FEA
 0000:26F9 idle  _L1FF1
 0000:26F9 idle  L1FF1
 0000:2703 idle  GETERROR_LIB
 0000:2703 idle  _GETERROR_LIB
 0000:272A idle  L201B
 0000:272A idle  _L201B
 0000:27FD idle  L20D4
 0000:27FD idle  _L20D4
 0000:286F idle  ERROREXIT
 0000:286F idle  _ERROREXIT
 0000:2884 idle  DOSERRORHANDLERON
 0000:2884 idle  _DOSERRORHANDLERON
 0000:2887 idle  DOSERRORHANDLEROFF
 0000:2887 idle  _DOSERRORHANDLEROFF
 0000:28EF       DOS2PRESENT
 0000:28F5       INITFILEIO
 0000:2933       PARSENAME
 0000:2AC1 idle  SETEXTENSION
 0000:2B05       GETERROR
 0000:2B10       SETERRORHANDLER
 0000:2B55       RESERRORHANDLER
 0000:2B9F       ERRORNUMBER
 0000:2BA5 idle  FATALERROR
 0000:2C46       CREATEFILE
 0000:2C5C       OPENFILE
 0000:2CC9       FILESEEK
 0000:2CF2 idle  FILEPOS
 0000:2D1E       FILESIZE
 0000:2D5E       READFILE
 0000:2D8A       WRITEFILE
 0000:2DB0       CLOSEFILE
 0000:2DD0       DELETEFILE
 0000:2E05       RENAMEFILE
 0000:2E42 idle  GETCURRENTDIRECTORY
 0000:2E9B       L20E2
 0000:2E9B idle  _L20E2


