
 Start  Stop   Length Name               Class

 00000H 09136H 09137H _TEXT              CODE
 09138H 09138H 00000H _DATA              DATA


Detailed map of segments

 0000:0000 1002 C=CODE   S=_TEXT          G=(none)  M=MSX_ASM\TUR_INIT.ASM ACBP=48
 0000:1002 05EB C=CODE   S=_TEXT          G=(none)  M=FILEIO     ACBP=48
 0000:15EE 6259 C=CODE   S=_TEXT          G=(none)  M=TUR_COMP   ACBP=48
 0000:7848 0EFC C=CODE   S=_TEXT          G=(none)  M=TUR_SLIB   ACBP=48
 0000:8744 045C C=CODE   S=_TEXT          G=(none)  M=TUR_GLIB   ACBP=48
 0000:8BA0 0597 C=CODE   S=_TEXT          G=(none)  M=TUR_END    ACBP=48
 0913:0008 0000 C=DATA   S=_DATA          G=DGROUP  M=MSX_ASM\TUR_INIT.ASM ACBP=48
 0913:0008 0000 C=DATA   S=_DATA          G=DGROUP  M=FILEIO     ACBP=48
 0913:0008 0000 C=DATA   S=_DATA          G=DGROUP  M=TUR_COMP   ACBP=48
 0913:0008 0000 C=DATA   S=_DATA          G=DGROUP  M=TUR_SLIB   ACBP=48
 0913:0008 0000 C=DATA   S=_DATA          G=DGROUP  M=TUR_GLIB   ACBP=48
 0913:0008 0000 C=DATA   S=_DATA          G=DGROUP  M=TUR_END    ACBP=48

  Address         Publics by Name

 0000:066C       A2L
 0000:1504       CLOSEFILE
 0000:1FD3 idle  COMPILED
 0000:0151       CON1OUTPTR
 0000:014A       CONSTPTR
 0000:139A       CREATEFILE
 0000:3624       DEF_TYPE
 0000:1524       DELETEFILE
 0000:1043       DOS2PRESENT
 0000:12F3 idle  ERRORNUMBER
 0000:12F9 idle  FATALERROR
 0000:1446       FILEPOS
 0000:141D       FILESEEK
 0000:1472 idle  FILESIZE
 0000:87F2       F_FINDFIRST
 0000:8824       F_FINDNEXT
 0000:8869       F_GETCHANNEL
 0000:87E2       F_GETCLIPPING
 0000:882D       F_GETDRIVE
 0000:8841       F_GETERROR
 0000:884E       F_GETFKEY
 0000:8853       F_GETPAD
 0000:8876       F_GETPAGEID
 0000:885E       F_GETPDL
 0000:8881       F_POINT
 0000:889B       F_READPSG
 0000:88A6       F_READSTATUS
 0000:88B1       F_READVDP
 0000:88BC       F_SEARCH
 0000:88E8       F_SETDATE
 0000:890D       F_SETMEM
 0000:8918       F_SETTIME
 0000:87E7       F_SIMULATEDDISK
 0000:891D       F_STICK
 0000:8928       F_STRIG
 0000:8834       F_TESTDRIVE
 0000:87D4       F_TSRPRESENT
 0000:8933       F_VPEEK
 0000:1596 idle  GETCURRENTDIRECTORY
 0000:1259 idle  GETERROR
 0000:1049       INITFILEIO
 0000:0125 idle  L005C
 0000:0126 idle  L005D
 0000:012E idle  L0065
 0000:012F idle  L0066
 0000:0135 idle  L006C
 0000:0080  Abs  L0080
 0000:017E       L00CE
 0000:018B idle  L00E0
 0000:0100       L0100
 0000:0101 idle  L0101
 0000:01EF idle  L0168
 0000:01F0 idle  L0169
 0000:0235 idle  L01AE
 0000:023B idle  L01B4
 0000:0243 idle  L01BC
 0000:0257 idle  L01D0
 0000:0268       L01E1
 0000:026F idle  L01E8
 0000:0281 idle  L01FA
 0000:0287       L0200
 0000:02C8 idle  L023E
 0000:02E3 idle  L0259
 0000:02EC idle  L0262
 0000:02F5 idle  L026B
 0000:030E idle  L0284
 0000:0323 idle  L0299
 0000:032C idle  L02A2
 0000:0394 idle  L030A
 0000:039A idle  L0310
 0000:040B       L0364
 0000:0463       L03C9
 0000:047B       L03E1
 0000:0488 idle  L03EE
 0000:04A0 idle  L0406
 0000:0540       L04A6
 0000:0549       L04AF
 0000:054E idle  L04B4
 0000:056D idle  L04D2
 0000:0572       L0581
 0000:0582       L0591
 0000:058C       L059B
 0000:05C2       L0612
 0000:05F0       L0783
 0000:0629       L07F7
 0000:095A       L1008
 0000:0B59       L11A3
 0000:0C93       L149B
 0000:0CA1 idle  L14E8
 0000:0EA7       L1726
 0000:15EE       L20E2
 0000:1F07 idle  L2D01
 0000:1F4A idle  L2E76
 0000:1FD4 idle  L4543
 0000:1FD5 idle  L4544
 0000:1FD7 idle  L4546
 0000:1FD9 idle  L4548
 0000:2E28       L5271
 0000:2E3E       L5287
 0000:3205       L5639
 0000:34E7       L58C5
 0000:35B1       L5960
 0000:3568       L59E9
 0000:3573       L5A0C
 0000:357E       L5A17
 0000:3599       L5CAD
 0000:35A6       L5D76
 0000:35C1       L5E8E
 0000:35CA       L5E97
 0000:35D7       L5EA2
 0000:35E8       L5EB0
 0000:35F5       L5EBB
 0000:35F8       L5EBE
 0000:360A       L5ED0
 0000:3619       L5EDD
 0000:363A       L5EE8
 0000:396C       L6148
 0000:3A87       L6201
 0000:3A95       L620F
 0000:3C03       L6540
 0000:3C16       L65D5
 0000:3C1F       L65DE
 0000:3C28       L65E7
 0000:3C49       L65EF
 0000:3C53       L65F7
 0000:3E38       L677F
 0000:3E44       L678B
 0000:4135       L6A5C
 0000:42A8       L6B5E
 0000:440E       L6CC2
 0000:44B4       L6D24
 0000:44D3       L6D43
 0000:46AA       L6E54
 0000:4761       L6F0B
 0000:4769       L6F13
 0000:4771       L6F1B
 0000:47B4       L6F5E
 0000:47BC       L6F66
 0000:47C4       L6F6E
 0000:47D4       L6F7E
 0000:4ACD       L72D4
 0000:4AD3       L72DA
 0000:4ADA       L72E1
 0000:80AE       L7638
 0000:8513       L77B1
 0000:5501 idle  L7B59
 0000:5504       L7B5C
 0000:5506       L7B5E
 0000:550A       L7B62
 0000:5515 idle  L7B6D
 0000:5517       L7B6F
 0000:5519 idle  L7B71
 0000:551A idle  L7B72
 0000:551B idle  L7B73
 0000:551C idle  L7B74
 0000:5533       L7B8B
 0000:5546       L7B9E
 0000:554B       L7BA3
 0000:554F       L7BA7
 0000:5587 idle  L7BF1
 0000:5588 idle  L7BF2
 0000:5589 idle  L7BF3
 0000:9137       L7BF5
 0000:0979       L_NEG
 0000:0989       L_R
 0000:13B0       OPENFILE
 0000:3A07       OP_L_I
 0000:42E6       O_BYTE
 0000:42D0       O_CALHL
 0000:429A       O_CODE
 0000:42E1       O_HL
 0000:42CC       O_JPHL
 0000:42D8       O_LDDE
 0000:42DC       O_LDHL
 0000:42B9       O_PSHHL
 0000:8752 idle  PARSEBYTEVAR
 0000:877A idle  PARSEINTERROR
 0000:8768 idle  PARSEINTVAR
 0000:8790       PARSELONG
 0000:1087       PARSENAME
 0000:877E idle  PARSESTRVAR64
 0000:878B idle  PARSEVAR64
 0000:3C33       PARSE_O_IL_C
 0000:8A27       P_BLOAD
 0000:8A36       P_BSAVE
 0000:8A45       P_CHANGECOLOR
 0000:8A4A       P_CHANGESCREEN
 0000:8A53       P_CIRCLE
 0000:8A58       P_CLEARMEM
 0000:8A5D       P_DATE
 0000:89D2       P_DEFINEPICTURE
 0000:89C9       P_DELETEFILE
 0000:8A72       P_DISPLAYPAGE
 0000:8A7B       P_ELLIPSE
 0000:8A80       P_EXPAND
 0000:8AA2       P_FASTBOX
 0000:8AA7       P_FASTCOPY
 0000:8AAC       P_FILLBOX
 0000:8AB1       P_FILLSHAPE
 0000:8AB6       P_FILLSPRITE
 0000:8ABB       P_GCOPY
 0000:8AC0       P_GETDOSVERSION
 0000:8A13       P_GETVIEWPORT
 0000:8ACF       P_LINE
 0000:8AD4       P_LOADPICTURE
 0000:8AD9       P_LOADVRAM
 0000:8AFC       P_MEMAPPENDFILE
 0000:8A18       P_MEMCOPY
 0000:89E8       P_MEMEXPAND
 0000:89EE       P_MEMLOADPICTURE
 0000:8AEE       P_MEMREADFILE
 0000:89F3       P_MEMSAVEPICTURE
 0000:89ED       P_MEMTOVRAM
 0000:8AF7       P_MEMWRITEFILE
 0000:8B01       P_MOVEVRAM
 0000:8B06       P_PAINT
 0000:89DE       P_PFILLSHAPE
 0000:89E3       P_PPAINT
 0000:8B0B       P_PSET
 0000:8B10       P_PUTSPRITE
 0000:8B15       P_READMEM
 0000:8B1A       P_READSECTOR
 0000:8B1F       P_SAVEPICTURE
 0000:8B2E       P_SCREEN
 0000:8B33       P_SCREENOFF
 0000:8B38       P_SCREENON
 0000:8B3D       P_SETCHANNEL
 0000:89FF       P_SETCLIPPING
 0000:8A0E       P_SETVIEWPORT
 0000:8B49       P_SOUND
 0000:8B4E       P_SPRITEATTRIBUTEADDRESS
 0000:8B5D       P_SPRITECOLOR
 0000:8B62       P_SPRITEPATTERN
 0000:8B67       P_SPRITEPATTERNADDRESS
 0000:8B6C       P_SPRITESIZE
 0000:8B71       P_SPRITESOFF
 0000:8B76       P_SPRITESON
 0000:8B7B       P_TIME
 0000:8B87       P_VPOKE
 0000:8B8C       P_WAITVDP
 0000:8B91       P_WRITEMEM
 0000:8B96       P_WRITESECTOR
 0000:8B9B       P_WRITEVDP
 0000:14B2       READFILE
 0000:1559 idle  RENAMEFILE
 0000:12A9 idle  RESERRORHANDLER
 0000:1264 idle  SETERRORHANDLER
 0000:1215       SETEXTENSION
 0000:558B       TABLEINDEX2
 0000:460D idle  TEMPID
 0000:8BA0       TURBOERRORMESSAGES
 0000:14DE       WRITEFILE

  Address         Publics by Value

 0000:0080  Abs  L0080
 0000:0100       L0100
 0000:0101 idle  L0101
 0000:0125 idle  L005C
 0000:0126 idle  L005D
 0000:012E idle  L0065
 0000:012F idle  L0066
 0000:0135 idle  L006C
 0000:014A       CONSTPTR
 0000:0151       CON1OUTPTR
 0000:017E       L00CE
 0000:018B idle  L00E0
 0000:01EF idle  L0168
 0000:01F0 idle  L0169
 0000:0235 idle  L01AE
 0000:023B idle  L01B4
 0000:0243 idle  L01BC
 0000:0257 idle  L01D0
 0000:0268       L01E1
 0000:026F idle  L01E8
 0000:0281 idle  L01FA
 0000:0287       L0200
 0000:02C8 idle  L023E
 0000:02E3 idle  L0259
 0000:02EC idle  L0262
 0000:02F5 idle  L026B
 0000:030E idle  L0284
 0000:0323 idle  L0299
 0000:032C idle  L02A2
 0000:0394 idle  L030A
 0000:039A idle  L0310
 0000:040B       L0364
 0000:0463       L03C9
 0000:047B       L03E1
 0000:0488 idle  L03EE
 0000:04A0 idle  L0406
 0000:0540       L04A6
 0000:0549       L04AF
 0000:054E idle  L04B4
 0000:056D idle  L04D2
 0000:0572       L0581
 0000:0582       L0591
 0000:058C       L059B
 0000:05C2       L0612
 0000:05F0       L0783
 0000:0629       L07F7
 0000:066C       A2L
 0000:095A       L1008
 0000:0979       L_NEG
 0000:0989       L_R
 0000:0B59       L11A3
 0000:0C93       L149B
 0000:0CA1 idle  L14E8
 0000:0EA7       L1726
 0000:1043       DOS2PRESENT
 0000:1049       INITFILEIO
 0000:1087       PARSENAME
 0000:1215       SETEXTENSION
 0000:1259 idle  GETERROR
 0000:1264 idle  SETERRORHANDLER
 0000:12A9 idle  RESERRORHANDLER
 0000:12F3 idle  ERRORNUMBER
 0000:12F9 idle  FATALERROR
 0000:139A       CREATEFILE
 0000:13B0       OPENFILE
 0000:141D       FILESEEK
 0000:1446       FILEPOS
 0000:1472 idle  FILESIZE
 0000:14B2       READFILE
 0000:14DE       WRITEFILE
 0000:1504       CLOSEFILE
 0000:1524       DELETEFILE
 0000:1559 idle  RENAMEFILE
 0000:1596 idle  GETCURRENTDIRECTORY
 0000:15EE       L20E2
 0000:1F07 idle  L2D01
 0000:1F4A idle  L2E76
 0000:1FD3 idle  COMPILED
 0000:1FD4 idle  L4543
 0000:1FD5 idle  L4544
 0000:1FD7 idle  L4546
 0000:1FD9 idle  L4548
 0000:2E28       L5271
 0000:2E3E       L5287
 0000:3205       L5639
 0000:34E7       L58C5
 0000:3568       L59E9
 0000:3573       L5A0C
 0000:357E       L5A17
 0000:3599       L5CAD
 0000:35A6       L5D76
 0000:35B1       L5960
 0000:35C1       L5E8E
 0000:35CA       L5E97
 0000:35D7       L5EA2
 0000:35E8       L5EB0
 0000:35F5       L5EBB
 0000:35F8       L5EBE
 0000:360A       L5ED0
 0000:3619       L5EDD
 0000:3624       DEF_TYPE
 0000:363A       L5EE8
 0000:396C       L6148
 0000:3A07       OP_L_I
 0000:3A87       L6201
 0000:3A95       L620F
 0000:3C03       L6540
 0000:3C16       L65D5
 0000:3C1F       L65DE
 0000:3C28       L65E7
 0000:3C33       PARSE_O_IL_C
 0000:3C49       L65EF
 0000:3C53       L65F7
 0000:3E38       L677F
 0000:3E44       L678B
 0000:4135       L6A5C
 0000:429A       O_CODE
 0000:42A8       L6B5E
 0000:42B9       O_PSHHL
 0000:42CC       O_JPHL
 0000:42D0       O_CALHL
 0000:42D8       O_LDDE
 0000:42DC       O_LDHL
 0000:42E1       O_HL
 0000:42E6       O_BYTE
 0000:440E       L6CC2
 0000:44B4       L6D24
 0000:44D3       L6D43
 0000:460D idle  TEMPID
 0000:46AA       L6E54
 0000:4761       L6F0B
 0000:4769       L6F13
 0000:4771       L6F1B
 0000:47B4       L6F5E
 0000:47BC       L6F66
 0000:47C4       L6F6E
 0000:47D4       L6F7E
 0000:4ACD       L72D4
 0000:4AD3       L72DA
 0000:4ADA       L72E1
 0000:5501 idle  L7B59
 0000:5504       L7B5C
 0000:5506       L7B5E
 0000:550A       L7B62
 0000:5515 idle  L7B6D
 0000:5517       L7B6F
 0000:5519 idle  L7B71
 0000:551A idle  L7B72
 0000:551B idle  L7B73
 0000:551C idle  L7B74
 0000:5533       L7B8B
 0000:5546       L7B9E
 0000:554B       L7BA3
 0000:554F       L7BA7
 0000:5587 idle  L7BF1
 0000:5588 idle  L7BF2
 0000:5589 idle  L7BF3
 0000:558B       TABLEINDEX2
 0000:80AE       L7638
 0000:8513       L77B1
 0000:8752 idle  PARSEBYTEVAR
 0000:8768 idle  PARSEINTVAR
 0000:877A idle  PARSEINTERROR
 0000:877E idle  PARSESTRVAR64
 0000:878B idle  PARSEVAR64
 0000:8790       PARSELONG
 0000:87D4       F_TSRPRESENT
 0000:87E2       F_GETCLIPPING
 0000:87E7       F_SIMULATEDDISK
 0000:87F2       F_FINDFIRST
 0000:8824       F_FINDNEXT
 0000:882D       F_GETDRIVE
 0000:8834       F_TESTDRIVE
 0000:8841       F_GETERROR
 0000:884E       F_GETFKEY
 0000:8853       F_GETPAD
 0000:885E       F_GETPDL
 0000:8869       F_GETCHANNEL
 0000:8876       F_GETPAGEID
 0000:8881       F_POINT
 0000:889B       F_READPSG
 0000:88A6       F_READSTATUS
 0000:88B1       F_READVDP
 0000:88BC       F_SEARCH
 0000:88E8       F_SETDATE
 0000:890D       F_SETMEM
 0000:8918       F_SETTIME
 0000:891D       F_STICK
 0000:8928       F_STRIG
 0000:8933       F_VPEEK
 0000:89C9       P_DELETEFILE
 0000:89D2       P_DEFINEPICTURE
 0000:89DE       P_PFILLSHAPE
 0000:89E3       P_PPAINT
 0000:89E8       P_MEMEXPAND
 0000:89ED       P_MEMTOVRAM
 0000:89EE       P_MEMLOADPICTURE
 0000:89F3       P_MEMSAVEPICTURE
 0000:89FF       P_SETCLIPPING
 0000:8A0E       P_SETVIEWPORT
 0000:8A13       P_GETVIEWPORT
 0000:8A18       P_MEMCOPY
 0000:8A27       P_BLOAD
 0000:8A36       P_BSAVE
 0000:8A45       P_CHANGECOLOR
 0000:8A4A       P_CHANGESCREEN
 0000:8A53       P_CIRCLE
 0000:8A58       P_CLEARMEM
 0000:8A5D       P_DATE
 0000:8A72       P_DISPLAYPAGE
 0000:8A7B       P_ELLIPSE
 0000:8A80       P_EXPAND
 0000:8AA2       P_FASTBOX
 0000:8AA7       P_FASTCOPY
 0000:8AAC       P_FILLBOX
 0000:8AB1       P_FILLSHAPE
 0000:8AB6       P_FILLSPRITE
 0000:8ABB       P_GCOPY
 0000:8AC0       P_GETDOSVERSION
 0000:8ACF       P_LINE
 0000:8AD4       P_LOADPICTURE
 0000:8AD9       P_LOADVRAM
 0000:8AEE       P_MEMREADFILE
 0000:8AF7       P_MEMWRITEFILE
 0000:8AFC       P_MEMAPPENDFILE
 0000:8B01       P_MOVEVRAM
 0000:8B06       P_PAINT
 0000:8B0B       P_PSET
 0000:8B10       P_PUTSPRITE
 0000:8B15       P_READMEM
 0000:8B1A       P_READSECTOR
 0000:8B1F       P_SAVEPICTURE
 0000:8B2E       P_SCREEN
 0000:8B33       P_SCREENOFF
 0000:8B38       P_SCREENON
 0000:8B3D       P_SETCHANNEL
 0000:8B49       P_SOUND
 0000:8B4E       P_SPRITEATTRIBUTEADDRESS
 0000:8B5D       P_SPRITECOLOR
 0000:8B62       P_SPRITEPATTERN
 0000:8B67       P_SPRITEPATTERNADDRESS
 0000:8B6C       P_SPRITESIZE
 0000:8B71       P_SPRITESOFF
 0000:8B76       P_SPRITESON
 0000:8B7B       P_TIME
 0000:8B87       P_VPOKE
 0000:8B8C       P_WAITVDP
 0000:8B91       P_WRITEMEM
 0000:8B96       P_WRITESECTOR
 0000:8B9B       P_WRITEVDP
 0000:8BA0       TURBOERRORMESSAGES
 0000:9137       L7BF5


